// Jest Snapshot v1, https://goo.gl/fbAQLP

exports[`should render NavBar correctly 1`] = `
<ForwardRef(styled.nav)>
  <ForwardRef(styled.h1)>
    Expensify
  </ForwardRef(styled.h1)>
  <ForwardRef(Styled(NavLink))
    activeStyle={
      Object {
        "color": "#303446",
      }
    }
    exact={true}
    to="/"
  >
    Dashboard
  </ForwardRef(Styled(NavLink))>
  <ForwardRef(Styled(NavLink))
    activeStyle={
      Object {
        "color": "#303446",
      }
    }
    to="/create"
  >
    Create Expense
  </ForwardRef(Styled(NavLink))>
  <ForwardRef(Styled(NavLink))
    activeStyle={
      Object {
        "color": "#303446",
      }
    }
    to="/help"
  >
    Help
  </ForwardRef(Styled(NavLink))>
</ForwardRef(styled.nav)>
`;
