// Jest Snapshot v1, https://goo.gl/fbAQLP

exports[`should render NavBar correctly 1`] = `
<styled.nav>
  <styled.h1>
    Expensify
  </styled.h1>
  <Styled(NavLink)
    activeStyle={
      Object {
        "color": "#303446",
      }
    }
    exact={true}
    to="/"
  >
    Dashboard
  </Styled(NavLink)>
  <Styled(NavLink)
    activeStyle={
      Object {
        "color": "#303446",
      }
    }
    to="/create"
  >
    Create Expense
  </Styled(NavLink)>
  <Styled(NavLink)
    activeStyle={
      Object {
        "color": "#303446",
      }
    }
    to="/help"
  >
    Help
  </Styled(NavLink)>
</styled.nav>
`;
